C51 COMPILER V9.54   MAIN                                                                  10/15/2024 20:50:50 PAGE 1   


C51 COMPILER V9.54, COMPILATION OF MODULE MAIN
OBJECT MODULE PLACED IN ..\OUTPUT\main.obj
COMPILER INVOKED BY: E:\Keil_C51\C51\BIN\C51.EXE ..\SOURCE\main.c OPTIMIZE(8,SPEED) BROWSE INCDIR(..\SOURCE) DEBUG OBJEC
                    -TEXTEND PRINT(..\LISTING\main.lst) TABS(2) OBJECT(..\OUTPUT\main.obj)

line level    source

   1          #include <reg51.h>
   2          #include "led.h"
   3          #include "key.h"
   4          #include "service_fun.h"
   5          #include "interrupt.h"
   6          #include "timer.h"
   7          
   8          sbit LED1 = P2^4;
   9          sbit LED2 = P2^5;
  10          
  11          void main()
  12          {
  13   1        Interrupt_init(); // 中断初始化
  14   1        display_str("----",2000);  // 开机提醒
  15   1        LED1 = ~LED1;
  16   1        LED2 = ~LED2;
  17   1        T1_Init();    // 用作秒表的T1定时器初始化
  18   1        T0_Init();    // 用作时钟的T2定时器开始计时
  19   1        while(1)
  20   1        {
  21   2          key_fucntions();
  22   2          stopwatch_function();
  23   2          display_windows();
  24   2        }
  25   1      }
  26          


MODULE INFORMATION:   STATIC OVERLAYABLE
   CODE SIZE        =     37    ----
   CONSTANT SIZE    =      5    ----
   XDATA SIZE       =   ----    ----
   PDATA SIZE       =   ----    ----
   DATA SIZE        =   ----    ----
   IDATA SIZE       =   ----    ----
   BIT SIZE         =   ----    ----
END OF MODULE INFORMATION.


C51 COMPILATION COMPLETE.  0 WARNING(S),  0 ERROR(S)
