C51 COMPILER V9.54   TIMER                                                                 10/14/2024 10:24:19 PAGE 1   


C51 COMPILER V9.54, COMPILATION OF MODULE TIMER
OBJECT MODULE PLACED IN ..\OUTPUT\timer.obj
COMPILER INVOKED BY: E:\Keil_C51\C51\BIN\C51.EXE ..\SOURCE\timer.c OPTIMIZE(8,SPEED) BROWSE INCDIR(..\SOURCE) DEBUG OBJE
                    -CTEXTEND PRINT(..\LISTING\timer.lst) TABS(2) OBJECT(..\OUTPUT\timer.obj)

line level    source

   1          #include "timer.h"
   2          #include "REG51.H"
   3          
   4          void T0_Init()
   5          {
   6   1          TMOD = (TMOD & 0xF0) + 0x01;    // 将TMOD后四位初始化，16位计数模式。
   7   1          TR0 = 1;
   8   1          // 标志位清零
   9   1          TF0 = 0;
  10   1          // 定时60ms
  11   1          TL0 = (65536 - 60000)%256;
  12   1          TH0 = (65536 - 60000)/256;
  13   1      }
  14          void T1_Init()
  15          {
  16   1          TMOD = (TMOD & 0x0F) + 0x10;    // 将TMOD前四位初始化，16位计数模式。
  17   1          TR1 = 1;
  18   1      }
  19          
  20          void short_delay_5ms()
  21          {
  22   1          TF1 = 0;                  // 在计数0点将标志位置1
  23   1          TL1 = (65536-5000)%256;  // 低八位初始化
  24   1          TH1 = (65536-5000)/256;  // 高八位初始化
  25   1          while(TF1 == 0);
  26   1      }
  27          
  28          void Timer_delay_50ms()
  29          {
  30   1        TF1 = 0;                  // 在计数0点将标志位置1
  31   1          TL1 = (65536-50000)%256;  // 低八位初始化
  32   1          TH1 = (65536-50000)/256;  // 高八位初始化
  33   1          while(TF1 == 0);
  34   1      }
  35          
  36          // 最小延时时间位50ms，延时毫秒为50ms的整数倍
  37          void Timer_long_delay_Xms(unsigned int xms)
  38          {
  39   1          unsigned int i;
  40   1          for(i = 0;i < xms/50;i++)
  41   1          {
  42   2              Timer_delay_50ms();
  43   2          }
  44   1      }


MODULE INFORMATION:   STATIC OVERLAYABLE
   CODE SIZE        =     87    ----
   CONSTANT SIZE    =   ----    ----
   XDATA SIZE       =   ----    ----
   PDATA SIZE       =   ----    ----
   DATA SIZE        =   ----    ----
   IDATA SIZE       =   ----    ----
   BIT SIZE         =   ----    ----
C51 COMPILER V9.54   TIMER                                                                 10/14/2024 10:24:19 PAGE 2   

END OF MODULE INFORMATION.


C51 COMPILATION COMPLETE.  0 WARNING(S),  0 ERROR(S)
